// Jest Snapshot v1, https://goo.gl/fbAQLP

exports[`UserRepo matches a snapshot 1`] = `
<ul>
  <li
    key="1"
  >
    <User
      avatar_url="https://avatars0.githubusercontent.com/u/59029366?v=4"
      followers="1"
      following="1"
      id="1"
      name="dorjepadma"
      repos_url="https://api.github.com/users/dorjepadma/repos"
      url="https://api.github.com/users/dorjepadma"
    />
  </li>
</ul>
`;
